0 verbose cli /usr/local/bin/node /usr/local/bin/npm
1 info using npm@10.9.3
2 info using node@v22.19.0
3 silly config load:file:/usr/local/lib/node_modules/npm/npmrc
4 silly config load:file:/Users/admin/Desktop/dự án/capi-app/.npmrc
5 silly config load:file:/Users/admin/.npmrc
6 silly config load:file:/usr/local/etc/npmrc
7 verbose title npm run build
8 verbose argv "run" "build"
9 verbose logfile logs-max:10 dir:/Users/admin/Desktop/dự án/capi-app/.npm-cache/_logs/2026-01-12T18_13_20_452Z-
10 verbose logfile /Users/admin/Desktop/dự án/capi-app/.npm-cache/_logs/2026-01-12T18_13_20_452Z-debug-0.log
11 silly logfile done cleaning log files
12 http fetch GET 200 https://registry.npmjs.org/npm 424ms
13 verbose cwd /Users/admin/Desktop/dự án/capi-app
14 verbose os Darwin 24.6.0
15 verbose node v22.19.0
16 verbose npm  v10.9.3
17 notice
17 notice New [31mmajor[39m version of npm available! [31m10.9.3[39m -> [34m11.7.0[39m
17 notice Changelog: [34mhttps://github.com/npm/cli/releases/tag/v11.7.0[39m
17 notice To update run: [4mnpm install -g npm@11.7.0[24m
17 notice  { force: true, [Symbol(proc-log.meta)]: true }
18 verbose exit 0
19 info ok
